// Jest Snapshot v1, https://goo.gl/fbAQLP

exports[`Header Component should render without errors 1`] = `ShallowWrapper {}`;
