// Jest Snapshot v1, https://goo.gl/fbAQLP

exports[`Success Page should render without errors 1`] = `ShallowWrapper {}`;
